// Jest Snapshot v1, https://goo.gl/fbAQLP

exports[`<Title /> should render title 1`] = `
.c0 {
  font-weight: bold;
  color: #64CBC5;
  font-size: 2.4rem;
  font-weight: 400;
  font-weight: 600;
}

<h1
  class="c0"
  color="primary"
>
  title
</h1>
`;
